TimeQuest Timing Analyzer report for contador_assincrono
Wed Sep 20 17:20:52 2023
Quartus Prime Version 17.1.0 Build 590 10/25/2017 SJ Lite Edition


---------------------
; Table of Contents ;
---------------------
  1. Legal Notice
  2. TimeQuest Timing Analyzer Summary
  3. Parallel Compilation
  4. Clocks
  5. Slow 1200mV 85C Model Fmax Summary
  6. Timing Closure Recommendations
  7. Slow 1200mV 85C Model Setup Summary
  8. Slow 1200mV 85C Model Hold Summary
  9. Slow 1200mV 85C Model Recovery Summary
 10. Slow 1200mV 85C Model Removal Summary
 11. Slow 1200mV 85C Model Minimum Pulse Width Summary
 12. Slow 1200mV 85C Model Setup: 'clock'
 13. Slow 1200mV 85C Model Setup: 'contador_assincrono_box:inst|inst3'
 14. Slow 1200mV 85C Model Setup: 'contador_assincrono_box:inst|inst6'
 15. Slow 1200mV 85C Model Hold: 'contador_assincrono_box:inst|inst6'
 16. Slow 1200mV 85C Model Hold: 'clock'
 17. Slow 1200mV 85C Model Hold: 'contador_assincrono_box:inst|inst3'
 18. Slow 1200mV 85C Model Metastability Summary
 19. Slow 1200mV 0C Model Fmax Summary
 20. Slow 1200mV 0C Model Setup Summary
 21. Slow 1200mV 0C Model Hold Summary
 22. Slow 1200mV 0C Model Recovery Summary
 23. Slow 1200mV 0C Model Removal Summary
 24. Slow 1200mV 0C Model Minimum Pulse Width Summary
 25. Slow 1200mV 0C Model Setup: 'clock'
 26. Slow 1200mV 0C Model Setup: 'contador_assincrono_box:inst|inst3'
 27. Slow 1200mV 0C Model Setup: 'contador_assincrono_box:inst|inst6'
 28. Slow 1200mV 0C Model Hold: 'contador_assincrono_box:inst|inst6'
 29. Slow 1200mV 0C Model Hold: 'clock'
 30. Slow 1200mV 0C Model Hold: 'contador_assincrono_box:inst|inst3'
 31. Slow 1200mV 0C Model Metastability Summary
 32. Fast 1200mV 0C Model Setup Summary
 33. Fast 1200mV 0C Model Hold Summary
 34. Fast 1200mV 0C Model Recovery Summary
 35. Fast 1200mV 0C Model Removal Summary
 36. Fast 1200mV 0C Model Minimum Pulse Width Summary
 37. Fast 1200mV 0C Model Setup: 'clock'
 38. Fast 1200mV 0C Model Setup: 'contador_assincrono_box:inst|inst3'
 39. Fast 1200mV 0C Model Setup: 'contador_assincrono_box:inst|inst6'
 40. Fast 1200mV 0C Model Hold: 'contador_assincrono_box:inst|inst6'
 41. Fast 1200mV 0C Model Hold: 'contador_assincrono_box:inst|inst3'
 42. Fast 1200mV 0C Model Hold: 'clock'
 43. Fast 1200mV 0C Model Metastability Summary
 44. Multicorner Timing Analysis Summary
 45. Board Trace Model Assignments
 46. Input Transition Times
 47. Signal Integrity Metrics (Slow 1200mv 0c Model)
 48. Signal Integrity Metrics (Slow 1200mv 85c Model)
 49. Signal Integrity Metrics (Fast 1200mv 0c Model)
 50. Setup Transfers
 51. Hold Transfers
 52. Report TCCS
 53. Report RSKM
 54. Unconstrained Paths Summary
 55. Clock Status Summary
 56. Unconstrained Input Ports
 57. Unconstrained Output Ports
 58. Unconstrained Input Ports
 59. Unconstrained Output Ports
 60. TimeQuest Timing Analyzer Messages



----------------
; Legal Notice ;
----------------
Copyright (C) 2017  Intel Corporation. All rights reserved.
Your use of Intel Corporation's design tools, logic functions 
and other software and tools, and its AMPP partner logic 
functions, and any output files from any of the foregoing 
(including device programming or simulation files), and any 
associated documentation or information are expressly subject 
to the terms and conditions of the Intel Program License 
Subscription Agreement, the Intel Quartus Prime License Agreement,
the Intel FPGA IP License Agreement, or other applicable license
agreement, including, without limitation, that your use is for
the sole purpose of programming logic devices manufactured by
Intel and sold by Intel or its authorized distributors.  Please
refer to the applicable agreement for further details.



+-----------------------------------------------------------------------------+
; TimeQuest Timing Analyzer Summary                                           ;
+-----------------------+-----------------------------------------------------+
; Quartus Prime Version ; Version 17.1.0 Build 590 10/25/2017 SJ Lite Edition ;
; Timing Analyzer       ; TimeQuest                                           ;
; Revision Name         ; contador_assincrono                                 ;
; Device Family         ; Cyclone IV E                                        ;
; Device Name           ; EP4CE115F29C7                                       ;
; Timing Models         ; Final                                               ;
; Delay Model           ; Combined                                            ;
; Rise/Fall Delays      ; Enabled                                             ;
+-----------------------+-----------------------------------------------------+


+------------------------------------------+
; Parallel Compilation                     ;
+----------------------------+-------------+
; Processors                 ; Number      ;
+----------------------------+-------------+
; Number detected on machine ; 8           ;
; Maximum allowed            ; 4           ;
;                            ;             ;
; Average used               ; 1.00        ;
; Maximum used               ; 4           ;
;                            ;             ;
; Usage by Processor         ; % Time Used ;
;     Processor 1            ; 100.0%      ;
;     Processors 2-4         ;   0.2%      ;
+----------------------------+-------------+


+----------------------------------------------------------------------------------------------------------------------------------------------------------------------------------------------------------------------------------------+
; Clocks                                                                                                                                                                                                                                 ;
+------------------------------------+------+--------+------------+-------+-------+------------+-----------+-------------+-------+--------+-----------+------------+----------+--------+--------+----------------------------------------+
; Clock Name                         ; Type ; Period ; Frequency  ; Rise  ; Fall  ; Duty Cycle ; Divide by ; Multiply by ; Phase ; Offset ; Edge List ; Edge Shift ; Inverted ; Master ; Source ; Targets                                ;
+------------------------------------+------+--------+------------+-------+-------+------------+-----------+-------------+-------+--------+-----------+------------+----------+--------+--------+----------------------------------------+
; clock                              ; Base ; 1.000  ; 1000.0 MHz ; 0.000 ; 0.500 ;            ;           ;             ;       ;        ;           ;            ;          ;        ;        ; { clock }                              ;
; contador_assincrono_box:inst|inst3 ; Base ; 1.000  ; 1000.0 MHz ; 0.000 ; 0.500 ;            ;           ;             ;       ;        ;           ;            ;          ;        ;        ; { contador_assincrono_box:inst|inst3 } ;
; contador_assincrono_box:inst|inst6 ; Base ; 1.000  ; 1000.0 MHz ; 0.000 ; 0.500 ;            ;           ;             ;       ;        ;           ;            ;          ;        ;        ; { contador_assincrono_box:inst|inst6 } ;
+------------------------------------+------+--------+------------+-------+-------+------------+-----------+-------------+-------+--------+-----------+------------+----------+--------+--------+----------------------------------------+


+---------------------------------------------------------------------------------------------------------------------+
; Slow 1200mV 85C Model Fmax Summary                                                                                  ;
+-------------+-----------------+------------------------------------+------------------------------------------------+
; Fmax        ; Restricted Fmax ; Clock Name                         ; Note                                           ;
+-------------+-----------------+------------------------------------+------------------------------------------------+
; 1265.82 MHz ; 437.64 MHz      ; contador_assincrono_box:inst|inst6 ; limit due to minimum period restriction (tmin) ;
+-------------+-----------------+------------------------------------+------------------------------------------------+
This panel reports FMAX for every clock in the design, regardless of the user-specified clock periods.  FMAX is only computed for paths where the source and destination registers or ports are driven by the same clock.  Paths of different clocks, including generated clocks, are ignored.  For paths between a clock and its inversion, FMAX is computed as if the rising and falling edges are scaled along with FMAX, such that the duty cycle (in terms of a percentage) is maintained. Altera recommends that you always use clock constraints and other slack reports for sign-off analysis.


----------------------------------
; Timing Closure Recommendations ;
----------------------------------
HTML report is unavailable in plain text report export.


+-------------------------------------------------------------+
; Slow 1200mV 85C Model Setup Summary                         ;
+------------------------------------+--------+---------------+
; Clock                              ; Slack  ; End Point TNS ;
+------------------------------------+--------+---------------+
; clock                              ; -0.903 ; -0.903        ;
; contador_assincrono_box:inst|inst3 ; -0.724 ; -0.724        ;
; contador_assincrono_box:inst|inst6 ; 0.210  ; 0.000         ;
+------------------------------------+--------+---------------+


+------------------------------------------------------------+
; Slow 1200mV 85C Model Hold Summary                         ;
+------------------------------------+-------+---------------+
; Clock                              ; Slack ; End Point TNS ;
+------------------------------------+-------+---------------+
; contador_assincrono_box:inst|inst6 ; 0.445 ; 0.000         ;
; clock                              ; 0.716 ; 0.000         ;
; contador_assincrono_box:inst|inst3 ; 0.838 ; 0.000         ;
+------------------------------------+-------+---------------+


------------------------------------------
; Slow 1200mV 85C Model Recovery Summary ;
------------------------------------------
No paths to report.


-----------------------------------------
; Slow 1200mV 85C Model Removal Summary ;
-----------------------------------------
No paths to report.


+-------------------------------------------------------------+
; Slow 1200mV 85C Model Minimum Pulse Width Summary           ;
+------------------------------------+--------+---------------+
; Clock                              ; Slack  ; End Point TNS ;
+------------------------------------+--------+---------------+
; clock                              ; -3.000 ; -4.285        ;
; contador_assincrono_box:inst|inst3 ; -1.285 ; -1.285        ;
; contador_assincrono_box:inst|inst6 ; -1.285 ; -1.285        ;
+------------------------------------+--------+---------------+


+------------------------------------------------------------------------------------------------------------------------------------------------------------------------------+
; Slow 1200mV 85C Model Setup: 'clock'                                                                                                                                         ;
+--------+------------------------------------+------------------------------------+------------------------------------+-------------+--------------+------------+------------+
; Slack  ; From Node                          ; To Node                            ; Launch Clock                       ; Latch Clock ; Relationship ; Clock Skew ; Data Delay ;
+--------+------------------------------------+------------------------------------+------------------------------------+-------------+--------------+------------+------------+
; -0.903 ; contador_assincrono_box:inst|inst3 ; contador_assincrono_box:inst|inst3 ; contador_assincrono_box:inst|inst3 ; clock       ; 0.500        ; 2.690      ; 4.323      ;
; -0.396 ; contador_assincrono_box:inst|inst3 ; contador_assincrono_box:inst|inst3 ; contador_assincrono_box:inst|inst3 ; clock       ; 1.000        ; 2.690      ; 4.316      ;
+--------+------------------------------------+------------------------------------+------------------------------------+-------------+--------------+------------+------------+


+-----------------------------------------------------------------------------------------------------------------------------------------------------------------------------------------------------+
; Slow 1200mV 85C Model Setup: 'contador_assincrono_box:inst|inst3'                                                                                                                                   ;
+--------+------------------------------------+------------------------------------+------------------------------------+------------------------------------+--------------+------------+------------+
; Slack  ; From Node                          ; To Node                            ; Launch Clock                       ; Latch Clock                        ; Relationship ; Clock Skew ; Data Delay ;
+--------+------------------------------------+------------------------------------+------------------------------------+------------------------------------+--------------+------------+------------+
; -0.724 ; contador_assincrono_box:inst|inst6 ; contador_assincrono_box:inst|inst6 ; contador_assincrono_box:inst|inst6 ; contador_assincrono_box:inst|inst3 ; 0.500        ; 1.986      ; 3.460      ;
; -0.256 ; contador_assincrono_box:inst|inst6 ; contador_assincrono_box:inst|inst6 ; contador_assincrono_box:inst|inst6 ; contador_assincrono_box:inst|inst3 ; 1.000        ; 1.986      ; 3.492      ;
+--------+------------------------------------+------------------------------------+------------------------------------+------------------------------------+--------------+------------+------------+


+----------------------------------------------------------------------------------------------------------------------------------------------------------------------------------------------------+
; Slow 1200mV 85C Model Setup: 'contador_assincrono_box:inst|inst6'                                                                                                                                  ;
+-------+------------------------------------+------------------------------------+------------------------------------+------------------------------------+--------------+------------+------------+
; Slack ; From Node                          ; To Node                            ; Launch Clock                       ; Latch Clock                        ; Relationship ; Clock Skew ; Data Delay ;
+-------+------------------------------------+------------------------------------+------------------------------------+------------------------------------+--------------+------------+------------+
; 0.210 ; contador_assincrono_box:inst|inst7 ; contador_assincrono_box:inst|inst7 ; contador_assincrono_box:inst|inst6 ; contador_assincrono_box:inst|inst6 ; 1.000        ; -0.043     ; 0.765      ;
+-------+------------------------------------+------------------------------------+------------------------------------+------------------------------------+--------------+------------+------------+


+----------------------------------------------------------------------------------------------------------------------------------------------------------------------------------------------------+
; Slow 1200mV 85C Model Hold: 'contador_assincrono_box:inst|inst6'                                                                                                                                   ;
+-------+------------------------------------+------------------------------------+------------------------------------+------------------------------------+--------------+------------+------------+
; Slack ; From Node                          ; To Node                            ; Launch Clock                       ; Latch Clock                        ; Relationship ; Clock Skew ; Data Delay ;
+-------+------------------------------------+------------------------------------+------------------------------------+------------------------------------+--------------+------------+------------+
; 0.445 ; contador_assincrono_box:inst|inst7 ; contador_assincrono_box:inst|inst7 ; contador_assincrono_box:inst|inst6 ; contador_assincrono_box:inst|inst6 ; 0.000        ; 0.043      ; 0.674      ;
+-------+------------------------------------+------------------------------------+------------------------------------+------------------------------------+--------------+------------+------------+


+-----------------------------------------------------------------------------------------------------------------------------------------------------------------------------+
; Slow 1200mV 85C Model Hold: 'clock'                                                                                                                                         ;
+-------+------------------------------------+------------------------------------+------------------------------------+-------------+--------------+------------+------------+
; Slack ; From Node                          ; To Node                            ; Launch Clock                       ; Latch Clock ; Relationship ; Clock Skew ; Data Delay ;
+-------+------------------------------------+------------------------------------+------------------------------------+-------------+--------------+------------+------------+
; 0.716 ; contador_assincrono_box:inst|inst3 ; contador_assincrono_box:inst|inst3 ; contador_assincrono_box:inst|inst3 ; clock       ; 0.000        ; 2.800      ; 3.954      ;
; 1.244 ; contador_assincrono_box:inst|inst3 ; contador_assincrono_box:inst|inst3 ; contador_assincrono_box:inst|inst3 ; clock       ; -0.500       ; 2.800      ; 3.982      ;
+-------+------------------------------------+------------------------------------+------------------------------------+-------------+--------------+------------+------------+


+----------------------------------------------------------------------------------------------------------------------------------------------------------------------------------------------------+
; Slow 1200mV 85C Model Hold: 'contador_assincrono_box:inst|inst3'                                                                                                                                   ;
+-------+------------------------------------+------------------------------------+------------------------------------+------------------------------------+--------------+------------+------------+
; Slack ; From Node                          ; To Node                            ; Launch Clock                       ; Latch Clock                        ; Relationship ; Clock Skew ; Data Delay ;
+-------+------------------------------------+------------------------------------+------------------------------------+------------------------------------+--------------+------------+------------+
; 0.838 ; contador_assincrono_box:inst|inst6 ; contador_assincrono_box:inst|inst6 ; contador_assincrono_box:inst|inst6 ; contador_assincrono_box:inst|inst3 ; 0.000        ; 2.089      ; 3.345      ;
; 1.297 ; contador_assincrono_box:inst|inst6 ; contador_assincrono_box:inst|inst6 ; contador_assincrono_box:inst|inst6 ; contador_assincrono_box:inst|inst3 ; -0.500       ; 2.089      ; 3.304      ;
+-------+------------------------------------+------------------------------------+------------------------------------+------------------------------------+--------------+------------+------------+


-----------------------------------------------
; Slow 1200mV 85C Model Metastability Summary ;
-----------------------------------------------
No synchronizer chains to report.


+---------------------------------------------------------------------------------------------------------------------+
; Slow 1200mV 0C Model Fmax Summary                                                                                   ;
+-------------+-----------------+------------------------------------+------------------------------------------------+
; Fmax        ; Restricted Fmax ; Clock Name                         ; Note                                           ;
+-------------+-----------------+------------------------------------+------------------------------------------------+
; 1422.48 MHz ; 437.64 MHz      ; contador_assincrono_box:inst|inst6 ; limit due to minimum period restriction (tmin) ;
+-------------+-----------------+------------------------------------+------------------------------------------------+
This panel reports FMAX for every clock in the design, regardless of the user-specified clock periods.  FMAX is only computed for paths where the source and destination registers or ports are driven by the same clock.  Paths of different clocks, including generated clocks, are ignored.  For paths between a clock and its inversion, FMAX is computed as if the rising and falling edges are scaled along with FMAX, such that the duty cycle (in terms of a percentage) is maintained. Altera recommends that you always use clock constraints and other slack reports for sign-off analysis.


+-------------------------------------------------------------+
; Slow 1200mV 0C Model Setup Summary                          ;
+------------------------------------+--------+---------------+
; Clock                              ; Slack  ; End Point TNS ;
+------------------------------------+--------+---------------+
; clock                              ; -0.710 ; -0.710        ;
; contador_assincrono_box:inst|inst3 ; -0.657 ; -0.657        ;
; contador_assincrono_box:inst|inst6 ; 0.297  ; 0.000         ;
+------------------------------------+--------+---------------+


+------------------------------------------------------------+
; Slow 1200mV 0C Model Hold Summary                          ;
+------------------------------------+-------+---------------+
; Clock                              ; Slack ; End Point TNS ;
+------------------------------------+-------+---------------+
; contador_assincrono_box:inst|inst6 ; 0.398 ; 0.000         ;
; clock                              ; 0.575 ; 0.000         ;
; contador_assincrono_box:inst|inst3 ; 0.823 ; 0.000         ;
+------------------------------------+-------+---------------+


-----------------------------------------
; Slow 1200mV 0C Model Recovery Summary ;
-----------------------------------------
No paths to report.


----------------------------------------
; Slow 1200mV 0C Model Removal Summary ;
----------------------------------------
No paths to report.


+-------------------------------------------------------------+
; Slow 1200mV 0C Model Minimum Pulse Width Summary            ;
+------------------------------------+--------+---------------+
; Clock                              ; Slack  ; End Point TNS ;
+------------------------------------+--------+---------------+
; clock                              ; -3.000 ; -4.285        ;
; contador_assincrono_box:inst|inst3 ; -1.285 ; -1.285        ;
; contador_assincrono_box:inst|inst6 ; -1.285 ; -1.285        ;
+------------------------------------+--------+---------------+


+------------------------------------------------------------------------------------------------------------------------------------------------------------------------------+
; Slow 1200mV 0C Model Setup: 'clock'                                                                                                                                          ;
+--------+------------------------------------+------------------------------------+------------------------------------+-------------+--------------+------------+------------+
; Slack  ; From Node                          ; To Node                            ; Launch Clock                       ; Latch Clock ; Relationship ; Clock Skew ; Data Delay ;
+--------+------------------------------------+------------------------------------+------------------------------------+-------------+--------------+------------+------------+
; -0.710 ; contador_assincrono_box:inst|inst3 ; contador_assincrono_box:inst|inst3 ; contador_assincrono_box:inst|inst3 ; clock       ; 0.500        ; 2.530      ; 3.952      ;
; -0.190 ; contador_assincrono_box:inst|inst3 ; contador_assincrono_box:inst|inst3 ; contador_assincrono_box:inst|inst3 ; clock       ; 1.000        ; 2.530      ; 3.932      ;
+--------+------------------------------------+------------------------------------+------------------------------------+-------------+--------------+------------+------------+


+-----------------------------------------------------------------------------------------------------------------------------------------------------------------------------------------------------+
; Slow 1200mV 0C Model Setup: 'contador_assincrono_box:inst|inst3'                                                                                                                                    ;
+--------+------------------------------------+------------------------------------+------------------------------------+------------------------------------+--------------+------------+------------+
; Slack  ; From Node                          ; To Node                            ; Launch Clock                       ; Latch Clock                        ; Relationship ; Clock Skew ; Data Delay ;
+--------+------------------------------------+------------------------------------+------------------------------------+------------------------------------+--------------+------------+------------+
; -0.657 ; contador_assincrono_box:inst|inst6 ; contador_assincrono_box:inst|inst6 ; contador_assincrono_box:inst|inst6 ; contador_assincrono_box:inst|inst3 ; 0.500        ; 1.768      ; 3.157      ;
; -0.204 ; contador_assincrono_box:inst|inst6 ; contador_assincrono_box:inst|inst6 ; contador_assincrono_box:inst|inst6 ; contador_assincrono_box:inst|inst3 ; 1.000        ; 1.768      ; 3.204      ;
+--------+------------------------------------+------------------------------------+------------------------------------+------------------------------------+--------------+------------+------------+


+----------------------------------------------------------------------------------------------------------------------------------------------------------------------------------------------------+
; Slow 1200mV 0C Model Setup: 'contador_assincrono_box:inst|inst6'                                                                                                                                   ;
+-------+------------------------------------+------------------------------------+------------------------------------+------------------------------------+--------------+------------+------------+
; Slack ; From Node                          ; To Node                            ; Launch Clock                       ; Latch Clock                        ; Relationship ; Clock Skew ; Data Delay ;
+-------+------------------------------------+------------------------------------+------------------------------------+------------------------------------+--------------+------------+------------+
; 0.297 ; contador_assincrono_box:inst|inst7 ; contador_assincrono_box:inst|inst7 ; contador_assincrono_box:inst|inst6 ; contador_assincrono_box:inst|inst6 ; 1.000        ; -0.039     ; 0.683      ;
+-------+------------------------------------+------------------------------------+------------------------------------+------------------------------------+--------------+------------+------------+


+----------------------------------------------------------------------------------------------------------------------------------------------------------------------------------------------------+
; Slow 1200mV 0C Model Hold: 'contador_assincrono_box:inst|inst6'                                                                                                                                    ;
+-------+------------------------------------+------------------------------------+------------------------------------+------------------------------------+--------------+------------+------------+
; Slack ; From Node                          ; To Node                            ; Launch Clock                       ; Latch Clock                        ; Relationship ; Clock Skew ; Data Delay ;
+-------+------------------------------------+------------------------------------+------------------------------------+------------------------------------+--------------+------------+------------+
; 0.398 ; contador_assincrono_box:inst|inst7 ; contador_assincrono_box:inst|inst7 ; contador_assincrono_box:inst|inst6 ; contador_assincrono_box:inst|inst6 ; 0.000        ; 0.039      ; 0.608      ;
+-------+------------------------------------+------------------------------------+------------------------------------+------------------------------------+--------------+------------+------------+


+-----------------------------------------------------------------------------------------------------------------------------------------------------------------------------+
; Slow 1200mV 0C Model Hold: 'clock'                                                                                                                                          ;
+-------+------------------------------------+------------------------------------+------------------------------------+-------------+--------------+------------+------------+
; Slack ; From Node                          ; To Node                            ; Launch Clock                       ; Latch Clock ; Relationship ; Clock Skew ; Data Delay ;
+-------+------------------------------------+------------------------------------+------------------------------------+-------------+--------------+------------+------------+
; 0.575 ; contador_assincrono_box:inst|inst3 ; contador_assincrono_box:inst|inst3 ; contador_assincrono_box:inst|inst3 ; clock       ; 0.000        ; 2.631      ; 3.610      ;
; 1.104 ; contador_assincrono_box:inst|inst3 ; contador_assincrono_box:inst|inst3 ; contador_assincrono_box:inst|inst3 ; clock       ; -0.500       ; 2.631      ; 3.639      ;
+-------+------------------------------------+------------------------------------+------------------------------------+-------------+--------------+------------+------------+


+----------------------------------------------------------------------------------------------------------------------------------------------------------------------------------------------------+
; Slow 1200mV 0C Model Hold: 'contador_assincrono_box:inst|inst3'                                                                                                                                    ;
+-------+------------------------------------+------------------------------------+------------------------------------+------------------------------------+--------------+------------+------------+
; Slack ; From Node                          ; To Node                            ; Launch Clock                       ; Latch Clock                        ; Relationship ; Clock Skew ; Data Delay ;
+-------+------------------------------------+------------------------------------+------------------------------------+------------------------------------+--------------+------------+------------+
; 0.823 ; contador_assincrono_box:inst|inst6 ; contador_assincrono_box:inst|inst6 ; contador_assincrono_box:inst|inst6 ; contador_assincrono_box:inst|inst3 ; 0.000        ; 1.860      ; 3.067      ;
; 1.272 ; contador_assincrono_box:inst|inst6 ; contador_assincrono_box:inst|inst6 ; contador_assincrono_box:inst|inst6 ; contador_assincrono_box:inst|inst3 ; -0.500       ; 1.860      ; 3.016      ;
+-------+------------------------------------+------------------------------------+------------------------------------+------------------------------------+--------------+------------+------------+


----------------------------------------------
; Slow 1200mV 0C Model Metastability Summary ;
----------------------------------------------
No synchronizer chains to report.


+-------------------------------------------------------------+
; Fast 1200mV 0C Model Setup Summary                          ;
+------------------------------------+--------+---------------+
; Clock                              ; Slack  ; End Point TNS ;
+------------------------------------+--------+---------------+
; clock                              ; -0.288 ; -0.288        ;
; contador_assincrono_box:inst|inst3 ; -0.030 ; -0.030        ;
; contador_assincrono_box:inst|inst6 ; 0.624  ; 0.000         ;
+------------------------------------+--------+---------------+


+------------------------------------------------------------+
; Fast 1200mV 0C Model Hold Summary                          ;
+------------------------------------+-------+---------------+
; Clock                              ; Slack ; End Point TNS ;
+------------------------------------+-------+---------------+
; contador_assincrono_box:inst|inst6 ; 0.206 ; 0.000         ;
; contador_assincrono_box:inst|inst3 ; 0.321 ; 0.000         ;
; clock                              ; 0.424 ; 0.000         ;
+------------------------------------+-------+---------------+


-----------------------------------------
; Fast 1200mV 0C Model Recovery Summary ;
-----------------------------------------
No paths to report.


----------------------------------------
; Fast 1200mV 0C Model Removal Summary ;
----------------------------------------
No paths to report.


+-------------------------------------------------------------+
; Fast 1200mV 0C Model Minimum Pulse Width Summary            ;
+------------------------------------+--------+---------------+
; Clock                              ; Slack  ; End Point TNS ;
+------------------------------------+--------+---------------+
; clock                              ; -3.000 ; -4.157        ;
; contador_assincrono_box:inst|inst3 ; -1.000 ; -1.000        ;
; contador_assincrono_box:inst|inst6 ; -1.000 ; -1.000        ;
+------------------------------------+--------+---------------+


+------------------------------------------------------------------------------------------------------------------------------------------------------------------------------+
; Fast 1200mV 0C Model Setup: 'clock'                                                                                                                                          ;
+--------+------------------------------------+------------------------------------+------------------------------------+-------------+--------------+------------+------------+
; Slack  ; From Node                          ; To Node                            ; Launch Clock                       ; Latch Clock ; Relationship ; Clock Skew ; Data Delay ;
+--------+------------------------------------+------------------------------------+------------------------------------+-------------+--------------+------------+------------+
; -0.288 ; contador_assincrono_box:inst|inst3 ; contador_assincrono_box:inst|inst3 ; contador_assincrono_box:inst|inst3 ; clock       ; 0.500        ; 1.262      ; 2.142      ;
; 0.227  ; contador_assincrono_box:inst|inst3 ; contador_assincrono_box:inst|inst3 ; contador_assincrono_box:inst|inst3 ; clock       ; 1.000        ; 1.262      ; 2.127      ;
+--------+------------------------------------+------------------------------------+------------------------------------+-------------+--------------+------------+------------+


+-----------------------------------------------------------------------------------------------------------------------------------------------------------------------------------------------------+
; Fast 1200mV 0C Model Setup: 'contador_assincrono_box:inst|inst3'                                                                                                                                    ;
+--------+------------------------------------+------------------------------------+------------------------------------+------------------------------------+--------------+------------+------------+
; Slack  ; From Node                          ; To Node                            ; Launch Clock                       ; Latch Clock                        ; Relationship ; Clock Skew ; Data Delay ;
+--------+------------------------------------+------------------------------------+------------------------------------+------------------------------------+--------------+------------+------------+
; -0.030 ; contador_assincrono_box:inst|inst6 ; contador_assincrono_box:inst|inst6 ; contador_assincrono_box:inst|inst6 ; contador_assincrono_box:inst|inst3 ; 0.500        ; 1.057      ; 1.699      ;
; 0.477  ; contador_assincrono_box:inst|inst6 ; contador_assincrono_box:inst|inst6 ; contador_assincrono_box:inst|inst6 ; contador_assincrono_box:inst|inst3 ; 1.000        ; 1.057      ; 1.692      ;
+--------+------------------------------------+------------------------------------+------------------------------------+------------------------------------+--------------+------------+------------+


+----------------------------------------------------------------------------------------------------------------------------------------------------------------------------------------------------+
; Fast 1200mV 0C Model Setup: 'contador_assincrono_box:inst|inst6'                                                                                                                                   ;
+-------+------------------------------------+------------------------------------+------------------------------------+------------------------------------+--------------+------------+------------+
; Slack ; From Node                          ; To Node                            ; Launch Clock                       ; Latch Clock                        ; Relationship ; Clock Skew ; Data Delay ;
+-------+------------------------------------+------------------------------------+------------------------------------+------------------------------------+--------------+------------+------------+
; 0.624 ; contador_assincrono_box:inst|inst7 ; contador_assincrono_box:inst|inst7 ; contador_assincrono_box:inst|inst6 ; contador_assincrono_box:inst|inst6 ; 1.000        ; -0.024     ; 0.359      ;
+-------+------------------------------------+------------------------------------+------------------------------------+------------------------------------+--------------+------------+------------+


+----------------------------------------------------------------------------------------------------------------------------------------------------------------------------------------------------+
; Fast 1200mV 0C Model Hold: 'contador_assincrono_box:inst|inst6'                                                                                                                                    ;
+-------+------------------------------------+------------------------------------+------------------------------------+------------------------------------+--------------+------------+------------+
; Slack ; From Node                          ; To Node                            ; Launch Clock                       ; Latch Clock                        ; Relationship ; Clock Skew ; Data Delay ;
+-------+------------------------------------+------------------------------------+------------------------------------+------------------------------------+--------------+------------+------------+
; 0.206 ; contador_assincrono_box:inst|inst7 ; contador_assincrono_box:inst|inst7 ; contador_assincrono_box:inst|inst6 ; contador_assincrono_box:inst|inst6 ; 0.000        ; 0.024      ; 0.314      ;
+-------+------------------------------------+------------------------------------+------------------------------------+------------------------------------+--------------+------------+------------+


+----------------------------------------------------------------------------------------------------------------------------------------------------------------------------------------------------+
; Fast 1200mV 0C Model Hold: 'contador_assincrono_box:inst|inst3'                                                                                                                                    ;
+-------+------------------------------------+------------------------------------+------------------------------------+------------------------------------+--------------+------------+------------+
; Slack ; From Node                          ; To Node                            ; Launch Clock                       ; Latch Clock                        ; Relationship ; Clock Skew ; Data Delay ;
+-------+------------------------------------+------------------------------------+------------------------------------+------------------------------------+--------------+------------+------------+
; 0.321 ; contador_assincrono_box:inst|inst6 ; contador_assincrono_box:inst|inst6 ; contador_assincrono_box:inst|inst6 ; contador_assincrono_box:inst|inst3 ; 0.000        ; 1.113      ; 1.623      ;
; 0.821 ; contador_assincrono_box:inst|inst6 ; contador_assincrono_box:inst|inst6 ; contador_assincrono_box:inst|inst6 ; contador_assincrono_box:inst|inst3 ; -0.500       ; 1.113      ; 1.623      ;
+-------+------------------------------------+------------------------------------+------------------------------------+------------------------------------+--------------+------------+------------+


+-----------------------------------------------------------------------------------------------------------------------------------------------------------------------------+
; Fast 1200mV 0C Model Hold: 'clock'                                                                                                                                          ;
+-------+------------------------------------+------------------------------------+------------------------------------+-------------+--------------+------------+------------+
; Slack ; From Node                          ; To Node                            ; Launch Clock                       ; Latch Clock ; Relationship ; Clock Skew ; Data Delay ;
+-------+------------------------------------+------------------------------------+------------------------------------+-------------+--------------+------------+------------+
; 0.424 ; contador_assincrono_box:inst|inst3 ; contador_assincrono_box:inst|inst3 ; contador_assincrono_box:inst|inst3 ; clock       ; 0.000        ; 1.317      ; 1.950      ;
; 0.946 ; contador_assincrono_box:inst|inst3 ; contador_assincrono_box:inst|inst3 ; contador_assincrono_box:inst|inst3 ; clock       ; -0.500       ; 1.317      ; 1.972      ;
+-------+------------------------------------+------------------------------------+------------------------------------+-------------+--------------+------------+------------+


----------------------------------------------
; Fast 1200mV 0C Model Metastability Summary ;
----------------------------------------------
No synchronizer chains to report.


+-------------------------------------------------------------------------------------------------+
; Multicorner Timing Analysis Summary                                                             ;
+-------------------------------------+--------+-------+----------+---------+---------------------+
; Clock                               ; Setup  ; Hold  ; Recovery ; Removal ; Minimum Pulse Width ;
+-------------------------------------+--------+-------+----------+---------+---------------------+
; Worst-case Slack                    ; -0.903 ; 0.206 ; N/A      ; N/A     ; -3.000              ;
;  clock                              ; -0.903 ; 0.424 ; N/A      ; N/A     ; -3.000              ;
;  contador_assincrono_box:inst|inst3 ; -0.724 ; 0.321 ; N/A      ; N/A     ; -1.285              ;
;  contador_assincrono_box:inst|inst6 ; 0.210  ; 0.206 ; N/A      ; N/A     ; -1.285              ;
; Design-wide TNS                     ; -1.627 ; 0.0   ; 0.0      ; 0.0     ; -6.855              ;
;  clock                              ; -0.903 ; 0.000 ; N/A      ; N/A     ; -4.285              ;
;  contador_assincrono_box:inst|inst3 ; -0.724 ; 0.000 ; N/A      ; N/A     ; -1.285              ;
;  contador_assincrono_box:inst|inst6 ; 0.000  ; 0.000 ; N/A      ; N/A     ; -1.285              ;
+-------------------------------------+--------+-------+----------+---------+---------------------+


+------------------------------------------------------------------------------------------------------------------------------------------------------------------------------------------------------------------------------------------------------------------------------------------------------------------------------------------------------------------------------------------------------------------+
; Board Trace Model Assignments                                                                                                                                                                                                                                                                                                                                                                                    ;
+---------------+--------------+-------------------+-------------------------+-------------------------+---------------+---------------------+----------------+------------------+--------+------------------+------------------------+------------------------+--------------+---------------+-----------------+-------+---------------------+--------------------+---------------+-----------------+-------------+
; Pin           ; I/O Standard ; Near Tline Length ; Near Tline L per Length ; Near Tline C per Length ; Near Series R ; Near Differential R ; Near Pull-up R ; Near Pull-down R ; Near C ; Far Tline Length ; Far Tline L per Length ; Far Tline C per Length ; Far Series R ; Far Pull-up R ; Far Pull-down R ; Far C ; Termination Voltage ; Far Differential R ; EBD File Name ; EBD Signal Name ; EBD Far-end ;
+---------------+--------------+-------------------+-------------------------+-------------------------+---------------+---------------------+----------------+------------------+--------+------------------+------------------------+------------------------+--------------+---------------+-----------------+-------+---------------------+--------------------+---------------+-----------------+-------------+
; a_o           ; 2.5 V        ; 0 in              ; 0 H/in                  ; 0 F/in                  ; short         ; -                   ; open           ; open             ; open   ; 0 in             ; 0 H/in                 ; 0 F/in                 ; short        ; open          ; open            ; open  ; 0 V                 ; -                  ; n/a           ; n/a             ; n/a         ;
; b_o           ; 2.5 V        ; 0 in              ; 0 H/in                  ; 0 F/in                  ; short         ; -                   ; open           ; open             ; open   ; 0 in             ; 0 H/in                 ; 0 F/in                 ; short        ; open          ; open            ; open  ; 0 V                 ; -                  ; n/a           ; n/a             ; n/a         ;
; c_o           ; 2.5 V        ; 0 in              ; 0 H/in                  ; 0 F/in                  ; short         ; -                   ; open           ; open             ; open   ; 0 in             ; 0 H/in                 ; 0 F/in                 ; short        ; open          ; open            ; open  ; 0 V                 ; -                  ; n/a           ; n/a             ; n/a         ;
; d_o           ; 2.5 V        ; 0 in              ; 0 H/in                  ; 0 F/in                  ; short         ; -                   ; open           ; open             ; open   ; 0 in             ; 0 H/in                 ; 0 F/in                 ; short        ; open          ; open            ; open  ; 0 V                 ; -                  ; n/a           ; n/a             ; n/a         ;
; e_o           ; 2.5 V        ; 0 in              ; 0 H/in                  ; 0 F/in                  ; short         ; -                   ; open           ; open             ; open   ; 0 in             ; 0 H/in                 ; 0 F/in                 ; short        ; open          ; open            ; open  ; 0 V                 ; -                  ; n/a           ; n/a             ; n/a         ;
; f_o           ; 2.5 V        ; 0 in              ; 0 H/in                  ; 0 F/in                  ; short         ; -                   ; open           ; open             ; open   ; 0 in             ; 0 H/in                 ; 0 F/in                 ; short        ; open          ; open            ; open  ; 0 V                 ; -                  ; n/a           ; n/a             ; n/a         ;
; g_o           ; 2.5 V        ; 0 in              ; 0 H/in                  ; 0 F/in                  ; short         ; -                   ; open           ; open             ; open   ; 0 in             ; 0 H/in                 ; 0 F/in                 ; short        ; open          ; open            ; open  ; 0 V                 ; -                  ; n/a           ; n/a             ; n/a         ;
; ~ALTERA_DCLK~ ; 2.5 V        ; 0 in              ; 0 H/in                  ; 0 F/in                  ; short         ; -                   ; open           ; open             ; open   ; 0 in             ; 0 H/in                 ; 0 F/in                 ; short        ; open          ; open            ; open  ; 0 V                 ; -                  ; n/a           ; n/a             ; n/a         ;
; ~ALTERA_nCEO~ ; 2.5 V        ; 0 in              ; 0 H/in                  ; 0 F/in                  ; short         ; -                   ; open           ; open             ; open   ; 0 in             ; 0 H/in                 ; 0 F/in                 ; short        ; open          ; open            ; open  ; 0 V                 ; -                  ; n/a           ; n/a             ; n/a         ;
+---------------+--------------+-------------------+-------------------------+-------------------------+---------------+---------------------+----------------+------------------+--------+------------------+------------------------+------------------------+--------------+---------------+-----------------+-------+---------------------+--------------------+---------------+-----------------+-------------+


+----------------------------------------------------------------------------+
; Input Transition Times                                                     ;
+-------------------------+--------------+-----------------+-----------------+
; Pin                     ; I/O Standard ; 10-90 Rise Time ; 90-10 Fall Time ;
+-------------------------+--------------+-----------------+-----------------+
; clear                   ; 2.5 V        ; 2000 ps         ; 2000 ps         ;
; clock                   ; 2.5 V        ; 2000 ps         ; 2000 ps         ;
; ~ALTERA_ASDO_DATA1~     ; 2.5 V        ; 2000 ps         ; 2000 ps         ;
; ~ALTERA_FLASH_nCE_nCSO~ ; 2.5 V        ; 2000 ps         ; 2000 ps         ;
; ~ALTERA_DATA0~          ; 2.5 V        ; 2000 ps         ; 2000 ps         ;
+-------------------------+--------------+-----------------+-----------------+


+--------------------------------------------------------------------------------------------------------------------------------------------------------------------------------------------------------------------------------------------------------------------------------------------------------------------------------------------------------------------------------------------------------------------------------------------------------------------------------------------------------------------------------------------------------------------------------------------------------------------------------------------------------------------------------------------+
; Signal Integrity Metrics (Slow 1200mv 0c Model)                                                                                                                                                                                                                                                                                                                                                                                                                                                                                                                                                                                                                                            ;
+---------------+--------------+---------------------+---------------------+------------------------------+------------------------------+---------------------+---------------------+--------------------------------------+--------------------------------------+-----------------------------+-----------------------------+----------------------------+----------------------------+-----------------------------+-----------------------------+--------------------+--------------------+-------------------------------------+-------------------------------------+----------------------------+----------------------------+---------------------------+---------------------------+
; Pin           ; I/O Standard ; Board Delay on Rise ; Board Delay on Fall ; Steady State Voh at FPGA Pin ; Steady State Vol at FPGA Pin ; Voh Max at FPGA Pin ; Vol Min at FPGA Pin ; Ringback Voltage on Rise at FPGA Pin ; Ringback Voltage on Fall at FPGA Pin ; 10-90 Rise Time at FPGA Pin ; 90-10 Fall Time at FPGA Pin ; Monotonic Rise at FPGA Pin ; Monotonic Fall at FPGA Pin ; Steady State Voh at Far-end ; Steady State Vol at Far-end ; Voh Max at Far-end ; Vol Min at Far-end ; Ringback Voltage on Rise at Far-end ; Ringback Voltage on Fall at Far-end ; 10-90 Rise Time at Far-end ; 90-10 Fall Time at Far-end ; Monotonic Rise at Far-end ; Monotonic Fall at Far-end ;
+---------------+--------------+---------------------+---------------------+------------------------------+------------------------------+---------------------+---------------------+--------------------------------------+--------------------------------------+-----------------------------+-----------------------------+----------------------------+----------------------------+-----------------------------+-----------------------------+--------------------+--------------------+-------------------------------------+-------------------------------------+----------------------------+----------------------------+---------------------------+---------------------------+
; a_o           ; 2.5 V        ; 0 s                 ; 0 s                 ; 2.32 V                       ; 3.07e-09 V                   ; 2.37 V              ; -0.00994 V          ; 0.186 V                              ; 0.028 V                              ; 4.98e-10 s                  ; 4.96e-10 s                  ; Yes                        ; Yes                        ; 2.32 V                      ; 3.07e-09 V                  ; 2.37 V             ; -0.00994 V         ; 0.186 V                             ; 0.028 V                             ; 4.98e-10 s                 ; 4.96e-10 s                 ; Yes                       ; Yes                       ;
; b_o           ; 2.5 V        ; 0 s                 ; 0 s                 ; 2.32 V                       ; 3.07e-09 V                   ; 2.38 V              ; -0.0144 V           ; 0.227 V                              ; 0.024 V                              ; 3.14e-10 s                  ; 3.39e-10 s                  ; Yes                        ; Yes                        ; 2.32 V                      ; 3.07e-09 V                  ; 2.38 V             ; -0.0144 V          ; 0.227 V                             ; 0.024 V                             ; 3.14e-10 s                 ; 3.39e-10 s                 ; Yes                       ; Yes                       ;
; c_o           ; 2.5 V        ; 0 s                 ; 0 s                 ; 2.32 V                       ; 4.49e-09 V                   ; 2.33 V              ; -0.00467 V          ; 0.226 V                              ; 0.087 V                              ; 2.91e-09 s                  ; 2.74e-09 s                  ; Yes                        ; Yes                        ; 2.32 V                      ; 4.49e-09 V                  ; 2.33 V             ; -0.00467 V         ; 0.226 V                             ; 0.087 V                             ; 2.91e-09 s                 ; 2.74e-09 s                 ; Yes                       ; Yes                       ;
; d_o           ; 2.5 V        ; 0 s                 ; 0 s                 ; 2.32 V                       ; 4.49e-09 V                   ; 2.38 V              ; -0.00552 V          ; 0.096 V                              ; 0.019 V                              ; 4.18e-10 s                  ; 3.59e-10 s                  ; No                         ; Yes                        ; 2.32 V                      ; 4.49e-09 V                  ; 2.38 V             ; -0.00552 V         ; 0.096 V                             ; 0.019 V                             ; 4.18e-10 s                 ; 3.59e-10 s                 ; No                        ; Yes                       ;
; e_o           ; 2.5 V        ; 0 s                 ; 0 s                 ; 2.32 V                       ; 4.49e-09 V                   ; 2.38 V              ; -0.00552 V          ; 0.096 V                              ; 0.019 V                              ; 4.18e-10 s                  ; 3.59e-10 s                  ; No                         ; Yes                        ; 2.32 V                      ; 4.49e-09 V                  ; 2.38 V             ; -0.00552 V         ; 0.096 V                             ; 0.019 V                             ; 4.18e-10 s                 ; 3.59e-10 s                 ; No                        ; Yes                       ;
; f_o           ; 2.5 V        ; 0 s                 ; 0 s                 ; 2.32 V                       ; 4.49e-09 V                   ; 2.38 V              ; -0.00552 V          ; 0.096 V                              ; 0.019 V                              ; 4.18e-10 s                  ; 3.59e-10 s                  ; No                         ; Yes                        ; 2.32 V                      ; 4.49e-09 V                  ; 2.38 V             ; -0.00552 V         ; 0.096 V                             ; 0.019 V                             ; 4.18e-10 s                 ; 3.59e-10 s                 ; No                        ; Yes                       ;
; g_o           ; 2.5 V        ; 0 s                 ; 0 s                 ; 2.32 V                       ; 4.49e-09 V                   ; 2.38 V              ; -0.00552 V          ; 0.096 V                              ; 0.019 V                              ; 4.18e-10 s                  ; 3.59e-10 s                  ; No                         ; Yes                        ; 2.32 V                      ; 4.49e-09 V                  ; 2.38 V             ; -0.00552 V         ; 0.096 V                             ; 0.019 V                             ; 4.18e-10 s                 ; 3.59e-10 s                 ; No                        ; Yes                       ;
; ~ALTERA_DCLK~ ; 2.5 V        ; 0 s                 ; 0 s                 ; 2.32 V                       ; 2.67e-09 V                   ; 2.38 V              ; -0.0485 V           ; 0.167 V                              ; 0.096 V                              ; 2.95e-10 s                  ; 2.73e-10 s                  ; Yes                        ; Yes                        ; 2.32 V                      ; 2.67e-09 V                  ; 2.38 V             ; -0.0485 V          ; 0.167 V                             ; 0.096 V                             ; 2.95e-10 s                 ; 2.73e-10 s                 ; Yes                       ; Yes                       ;
; ~ALTERA_nCEO~ ; 2.5 V        ; 0 s                 ; 0 s                 ; 2.32 V                       ; 4.18e-09 V                   ; 2.38 V              ; -0.00483 V          ; 0.152 V                              ; 0.012 V                              ; 4.81e-10 s                  ; 6.29e-10 s                  ; Yes                        ; Yes                        ; 2.32 V                      ; 4.18e-09 V                  ; 2.38 V             ; -0.00483 V         ; 0.152 V                             ; 0.012 V                             ; 4.81e-10 s                 ; 6.29e-10 s                 ; Yes                       ; Yes                       ;
+---------------+--------------+---------------------+---------------------+------------------------------+------------------------------+---------------------+---------------------+--------------------------------------+--------------------------------------+-----------------------------+-----------------------------+----------------------------+----------------------------+-----------------------------+-----------------------------+--------------------+--------------------+-------------------------------------+-------------------------------------+----------------------------+----------------------------+---------------------------+---------------------------+


+--------------------------------------------------------------------------------------------------------------------------------------------------------------------------------------------------------------------------------------------------------------------------------------------------------------------------------------------------------------------------------------------------------------------------------------------------------------------------------------------------------------------------------------------------------------------------------------------------------------------------------------------------------------------------------------------+
; Signal Integrity Metrics (Slow 1200mv 85c Model)                                                                                                                                                                                                                                                                                                                                                                                                                                                                                                                                                                                                                                           ;
+---------------+--------------+---------------------+---------------------+------------------------------+------------------------------+---------------------+---------------------+--------------------------------------+--------------------------------------+-----------------------------+-----------------------------+----------------------------+----------------------------+-----------------------------+-----------------------------+--------------------+--------------------+-------------------------------------+-------------------------------------+----------------------------+----------------------------+---------------------------+---------------------------+
; Pin           ; I/O Standard ; Board Delay on Rise ; Board Delay on Fall ; Steady State Voh at FPGA Pin ; Steady State Vol at FPGA Pin ; Voh Max at FPGA Pin ; Vol Min at FPGA Pin ; Ringback Voltage on Rise at FPGA Pin ; Ringback Voltage on Fall at FPGA Pin ; 10-90 Rise Time at FPGA Pin ; 90-10 Fall Time at FPGA Pin ; Monotonic Rise at FPGA Pin ; Monotonic Fall at FPGA Pin ; Steady State Voh at Far-end ; Steady State Vol at Far-end ; Voh Max at Far-end ; Vol Min at Far-end ; Ringback Voltage on Rise at Far-end ; Ringback Voltage on Fall at Far-end ; 10-90 Rise Time at Far-end ; 90-10 Fall Time at Far-end ; Monotonic Rise at Far-end ; Monotonic Fall at Far-end ;
+---------------+--------------+---------------------+---------------------+------------------------------+------------------------------+---------------------+---------------------+--------------------------------------+--------------------------------------+-----------------------------+-----------------------------+----------------------------+----------------------------+-----------------------------+-----------------------------+--------------------+--------------------+-------------------------------------+-------------------------------------+----------------------------+----------------------------+---------------------------+---------------------------+
; a_o           ; 2.5 V        ; 0 s                 ; 0 s                 ; 2.32 V                       ; 4.67e-07 V                   ; 2.35 V              ; -0.00942 V          ; 0.116 V                              ; 0.033 V                              ; 6.66e-10 s                  ; 6.27e-10 s                  ; Yes                        ; Yes                        ; 2.32 V                      ; 4.67e-07 V                  ; 2.35 V             ; -0.00942 V         ; 0.116 V                             ; 0.033 V                             ; 6.66e-10 s                 ; 6.27e-10 s                 ; Yes                       ; Yes                       ;
; b_o           ; 2.5 V        ; 0 s                 ; 0 s                 ; 2.32 V                       ; 4.67e-07 V                   ; 2.36 V              ; -0.00552 V          ; 0.11 V                               ; 0.007 V                              ; 4.54e-10 s                  ; 4.35e-10 s                  ; Yes                        ; Yes                        ; 2.32 V                      ; 4.67e-07 V                  ; 2.36 V             ; -0.00552 V         ; 0.11 V                              ; 0.007 V                             ; 4.54e-10 s                 ; 4.35e-10 s                 ; Yes                       ; Yes                       ;
; c_o           ; 2.5 V        ; 0 s                 ; 0 s                 ; 2.32 V                       ; 6.92e-07 V                   ; 2.33 V              ; -0.00265 V          ; 0.133 V                              ; 0.056 V                              ; 3.55e-09 s                  ; 3.31e-09 s                  ; Yes                        ; Yes                        ; 2.32 V                      ; 6.92e-07 V                  ; 2.33 V             ; -0.00265 V         ; 0.133 V                             ; 0.056 V                             ; 3.55e-09 s                 ; 3.31e-09 s                 ; Yes                       ; Yes                       ;
; d_o           ; 2.5 V        ; 0 s                 ; 0 s                 ; 2.32 V                       ; 6.92e-07 V                   ; 2.35 V              ; -0.00996 V          ; 0.121 V                              ; 0.03 V                               ; 4.64e-10 s                  ; 4.47e-10 s                  ; Yes                        ; Yes                        ; 2.32 V                      ; 6.92e-07 V                  ; 2.35 V             ; -0.00996 V         ; 0.121 V                             ; 0.03 V                              ; 4.64e-10 s                 ; 4.47e-10 s                 ; Yes                       ; Yes                       ;
; e_o           ; 2.5 V        ; 0 s                 ; 0 s                 ; 2.32 V                       ; 6.92e-07 V                   ; 2.35 V              ; -0.00996 V          ; 0.121 V                              ; 0.03 V                               ; 4.64e-10 s                  ; 4.47e-10 s                  ; Yes                        ; Yes                        ; 2.32 V                      ; 6.92e-07 V                  ; 2.35 V             ; -0.00996 V         ; 0.121 V                             ; 0.03 V                              ; 4.64e-10 s                 ; 4.47e-10 s                 ; Yes                       ; Yes                       ;
; f_o           ; 2.5 V        ; 0 s                 ; 0 s                 ; 2.32 V                       ; 6.92e-07 V                   ; 2.35 V              ; -0.00996 V          ; 0.121 V                              ; 0.03 V                               ; 4.64e-10 s                  ; 4.47e-10 s                  ; Yes                        ; Yes                        ; 2.32 V                      ; 6.92e-07 V                  ; 2.35 V             ; -0.00996 V         ; 0.121 V                             ; 0.03 V                              ; 4.64e-10 s                 ; 4.47e-10 s                 ; Yes                       ; Yes                       ;
; g_o           ; 2.5 V        ; 0 s                 ; 0 s                 ; 2.32 V                       ; 6.92e-07 V                   ; 2.35 V              ; -0.00996 V          ; 0.121 V                              ; 0.03 V                               ; 4.64e-10 s                  ; 4.47e-10 s                  ; Yes                        ; Yes                        ; 2.32 V                      ; 6.92e-07 V                  ; 2.35 V             ; -0.00996 V         ; 0.121 V                             ; 0.03 V                              ; 4.64e-10 s                 ; 4.47e-10 s                 ; Yes                       ; Yes                       ;
; ~ALTERA_DCLK~ ; 2.5 V        ; 0 s                 ; 0 s                 ; 2.32 V                       ; 3.75e-07 V                   ; 2.35 V              ; -0.0109 V           ; 0.084 V                              ; 0.027 V                              ; 4.31e-10 s                  ; 3.61e-10 s                  ; Yes                        ; Yes                        ; 2.32 V                      ; 3.75e-07 V                  ; 2.35 V             ; -0.0109 V          ; 0.084 V                             ; 0.027 V                             ; 4.31e-10 s                 ; 3.61e-10 s                 ; Yes                       ; Yes                       ;
; ~ALTERA_nCEO~ ; 2.5 V        ; 0 s                 ; 0 s                 ; 2.32 V                       ; 6.15e-07 V                   ; 2.35 V              ; -0.00712 V          ; 0.093 V                              ; 0.02 V                               ; 6.21e-10 s                  ; 7.9e-10 s                   ; Yes                        ; Yes                        ; 2.32 V                      ; 6.15e-07 V                  ; 2.35 V             ; -0.00712 V         ; 0.093 V                             ; 0.02 V                              ; 6.21e-10 s                 ; 7.9e-10 s                  ; Yes                       ; Yes                       ;
+---------------+--------------+---------------------+---------------------+------------------------------+------------------------------+---------------------+---------------------+--------------------------------------+--------------------------------------+-----------------------------+-----------------------------+----------------------------+----------------------------+-----------------------------+-----------------------------+--------------------+--------------------+-------------------------------------+-------------------------------------+----------------------------+----------------------------+---------------------------+---------------------------+


+--------------------------------------------------------------------------------------------------------------------------------------------------------------------------------------------------------------------------------------------------------------------------------------------------------------------------------------------------------------------------------------------------------------------------------------------------------------------------------------------------------------------------------------------------------------------------------------------------------------------------------------------------------------------------------------------+
; Signal Integrity Metrics (Fast 1200mv 0c Model)                                                                                                                                                                                                                                                                                                                                                                                                                                                                                                                                                                                                                                            ;
+---------------+--------------+---------------------+---------------------+------------------------------+------------------------------+---------------------+---------------------+--------------------------------------+--------------------------------------+-----------------------------+-----------------------------+----------------------------+----------------------------+-----------------------------+-----------------------------+--------------------+--------------------+-------------------------------------+-------------------------------------+----------------------------+----------------------------+---------------------------+---------------------------+
; Pin           ; I/O Standard ; Board Delay on Rise ; Board Delay on Fall ; Steady State Voh at FPGA Pin ; Steady State Vol at FPGA Pin ; Voh Max at FPGA Pin ; Vol Min at FPGA Pin ; Ringback Voltage on Rise at FPGA Pin ; Ringback Voltage on Fall at FPGA Pin ; 10-90 Rise Time at FPGA Pin ; 90-10 Fall Time at FPGA Pin ; Monotonic Rise at FPGA Pin ; Monotonic Fall at FPGA Pin ; Steady State Voh at Far-end ; Steady State Vol at Far-end ; Voh Max at Far-end ; Vol Min at Far-end ; Ringback Voltage on Rise at Far-end ; Ringback Voltage on Fall at Far-end ; 10-90 Rise Time at Far-end ; 90-10 Fall Time at Far-end ; Monotonic Rise at Far-end ; Monotonic Fall at Far-end ;
+---------------+--------------+---------------------+---------------------+------------------------------+------------------------------+---------------------+---------------------+--------------------------------------+--------------------------------------+-----------------------------+-----------------------------+----------------------------+----------------------------+-----------------------------+-----------------------------+--------------------+--------------------+-------------------------------------+-------------------------------------+----------------------------+----------------------------+---------------------------+---------------------------+
; a_o           ; 2.5 V        ; 0 s                 ; 0 s                 ; 2.62 V                       ; 2.74e-08 V                   ; 2.71 V              ; -0.0317 V           ; 0.148 V                              ; 0.064 V                              ; 4.51e-10 s                  ; 4.15e-10 s                  ; No                         ; Yes                        ; 2.62 V                      ; 2.74e-08 V                  ; 2.71 V             ; -0.0317 V          ; 0.148 V                             ; 0.064 V                             ; 4.51e-10 s                 ; 4.15e-10 s                 ; No                        ; Yes                       ;
; b_o           ; 2.5 V        ; 0 s                 ; 0 s                 ; 2.62 V                       ; 2.74e-08 V                   ; 2.73 V              ; -0.0384 V           ; 0.169 V                              ; 0.089 V                              ; 2.7e-10 s                   ; 2.62e-10 s                  ; Yes                        ; Yes                        ; 2.62 V                      ; 2.74e-08 V                  ; 2.73 V             ; -0.0384 V          ; 0.169 V                             ; 0.089 V                             ; 2.7e-10 s                  ; 2.62e-10 s                 ; Yes                       ; Yes                       ;
; c_o           ; 2.5 V        ; 0 s                 ; 0 s                 ; 2.62 V                       ; 4.05e-08 V                   ; 2.64 V              ; -0.0113 V           ; 0.208 V                              ; 0.179 V                              ; 2.38e-09 s                  ; 2.23e-09 s                  ; No                         ; Yes                        ; 2.62 V                      ; 4.05e-08 V                  ; 2.64 V             ; -0.0113 V          ; 0.208 V                             ; 0.179 V                             ; 2.38e-09 s                 ; 2.23e-09 s                 ; No                        ; Yes                       ;
; d_o           ; 2.5 V        ; 0 s                 ; 0 s                 ; 2.62 V                       ; 4.05e-08 V                   ; 2.72 V              ; -0.0349 V           ; 0.173 V                              ; 0.1 V                                ; 2.72e-10 s                  ; 2.69e-10 s                  ; Yes                        ; Yes                        ; 2.62 V                      ; 4.05e-08 V                  ; 2.72 V             ; -0.0349 V          ; 0.173 V                             ; 0.1 V                               ; 2.72e-10 s                 ; 2.69e-10 s                 ; Yes                       ; Yes                       ;
; e_o           ; 2.5 V        ; 0 s                 ; 0 s                 ; 2.62 V                       ; 4.05e-08 V                   ; 2.72 V              ; -0.0349 V           ; 0.173 V                              ; 0.1 V                                ; 2.72e-10 s                  ; 2.69e-10 s                  ; Yes                        ; Yes                        ; 2.62 V                      ; 4.05e-08 V                  ; 2.72 V             ; -0.0349 V          ; 0.173 V                             ; 0.1 V                               ; 2.72e-10 s                 ; 2.69e-10 s                 ; Yes                       ; Yes                       ;
; f_o           ; 2.5 V        ; 0 s                 ; 0 s                 ; 2.62 V                       ; 4.05e-08 V                   ; 2.72 V              ; -0.0349 V           ; 0.173 V                              ; 0.1 V                                ; 2.72e-10 s                  ; 2.69e-10 s                  ; Yes                        ; Yes                        ; 2.62 V                      ; 4.05e-08 V                  ; 2.72 V             ; -0.0349 V          ; 0.173 V                             ; 0.1 V                               ; 2.72e-10 s                 ; 2.69e-10 s                 ; Yes                       ; Yes                       ;
; g_o           ; 2.5 V        ; 0 s                 ; 0 s                 ; 2.62 V                       ; 4.05e-08 V                   ; 2.72 V              ; -0.0349 V           ; 0.173 V                              ; 0.1 V                                ; 2.72e-10 s                  ; 2.69e-10 s                  ; Yes                        ; Yes                        ; 2.62 V                      ; 4.05e-08 V                  ; 2.72 V             ; -0.0349 V          ; 0.173 V                             ; 0.1 V                               ; 2.72e-10 s                 ; 2.69e-10 s                 ; Yes                       ; Yes                       ;
; ~ALTERA_DCLK~ ; 2.5 V        ; 0 s                 ; 0 s                 ; 2.62 V                       ; 2.22e-08 V                   ; 2.74 V              ; -0.06 V             ; 0.158 V                              ; 0.08 V                               ; 2.68e-10 s                  ; 2.19e-10 s                  ; Yes                        ; Yes                        ; 2.62 V                      ; 2.22e-08 V                  ; 2.74 V             ; -0.06 V            ; 0.158 V                             ; 0.08 V                              ; 2.68e-10 s                 ; 2.19e-10 s                 ; Yes                       ; Yes                       ;
; ~ALTERA_nCEO~ ; 2.5 V        ; 0 s                 ; 0 s                 ; 2.62 V                       ; 3.54e-08 V                   ; 2.7 V               ; -0.00943 V          ; 0.276 V                              ; 0.035 V                              ; 3.19e-10 s                  ; 4.99e-10 s                  ; No                         ; Yes                        ; 2.62 V                      ; 3.54e-08 V                  ; 2.7 V              ; -0.00943 V         ; 0.276 V                             ; 0.035 V                             ; 3.19e-10 s                 ; 4.99e-10 s                 ; No                        ; Yes                       ;
+---------------+--------------+---------------------+---------------------+------------------------------+------------------------------+---------------------+---------------------+--------------------------------------+--------------------------------------+-----------------------------+-----------------------------+----------------------------+----------------------------+-----------------------------+-----------------------------+--------------------+--------------------+-------------------------------------+-------------------------------------+----------------------------+----------------------------+---------------------------+---------------------------+


+---------------------------------------------------------------------------------------------------------------------+
; Setup Transfers                                                                                                     ;
+------------------------------------+------------------------------------+----------+----------+----------+----------+
; From Clock                         ; To Clock                           ; RR Paths ; FR Paths ; RF Paths ; FF Paths ;
+------------------------------------+------------------------------------+----------+----------+----------+----------+
; contador_assincrono_box:inst|inst3 ; clock                              ; 1        ; 1        ; 0        ; 0        ;
; contador_assincrono_box:inst|inst6 ; contador_assincrono_box:inst|inst3 ; 0        ; 0        ; 1        ; 1        ;
; contador_assincrono_box:inst|inst6 ; contador_assincrono_box:inst|inst6 ; 0        ; 0        ; 0        ; 1        ;
+------------------------------------+------------------------------------+----------+----------+----------+----------+
Entries labeled "false path" only account for clock-to-clock false paths and not path-based false paths. As a result, actual path counts may be lower than reported.


+---------------------------------------------------------------------------------------------------------------------+
; Hold Transfers                                                                                                      ;
+------------------------------------+------------------------------------+----------+----------+----------+----------+
; From Clock                         ; To Clock                           ; RR Paths ; FR Paths ; RF Paths ; FF Paths ;
+------------------------------------+------------------------------------+----------+----------+----------+----------+
; contador_assincrono_box:inst|inst3 ; clock                              ; 1        ; 1        ; 0        ; 0        ;
; contador_assincrono_box:inst|inst6 ; contador_assincrono_box:inst|inst3 ; 0        ; 0        ; 1        ; 1        ;
; contador_assincrono_box:inst|inst6 ; contador_assincrono_box:inst|inst6 ; 0        ; 0        ; 0        ; 1        ;
+------------------------------------+------------------------------------+----------+----------+----------+----------+
Entries labeled "false path" only account for clock-to-clock false paths and not path-based false paths. As a result, actual path counts may be lower than reported.


---------------
; Report TCCS ;
---------------
No dedicated SERDES Transmitter circuitry present in device or used in design


---------------
; Report RSKM ;
---------------
No non-DPA dedicated SERDES Receiver circuitry present in device or used in design


+------------------------------------------------+
; Unconstrained Paths Summary                    ;
+---------------------------------+-------+------+
; Property                        ; Setup ; Hold ;
+---------------------------------+-------+------+
; Illegal Clocks                  ; 0     ; 0    ;
; Unconstrained Clocks            ; 0     ; 0    ;
; Unconstrained Input Ports       ; 1     ; 1    ;
; Unconstrained Input Port Paths  ; 3     ; 3    ;
; Unconstrained Output Ports      ; 7     ; 7    ;
; Unconstrained Output Port Paths ; 21    ; 21   ;
+---------------------------------+-------+------+


+----------------------------------------------------------------------------------------------+
; Clock Status Summary                                                                         ;
+------------------------------------+------------------------------------+------+-------------+
; Target                             ; Clock                              ; Type ; Status      ;
+------------------------------------+------------------------------------+------+-------------+
; clock                              ; clock                              ; Base ; Constrained ;
; contador_assincrono_box:inst|inst3 ; contador_assincrono_box:inst|inst3 ; Base ; Constrained ;
; contador_assincrono_box:inst|inst6 ; contador_assincrono_box:inst|inst6 ; Base ; Constrained ;
+------------------------------------+------------------------------------+------+-------------+


+---------------------------------------------------------------------------------------------------+
; Unconstrained Input Ports                                                                         ;
+------------+--------------------------------------------------------------------------------------+
; Input Port ; Comment                                                                              ;
+------------+--------------------------------------------------------------------------------------+
; clear      ; No input delay, min/max delays, false-path exceptions, or max skew assignments found ;
+------------+--------------------------------------------------------------------------------------+


+-----------------------------------------------------------------------------------------------------+
; Unconstrained Output Ports                                                                          ;
+-------------+---------------------------------------------------------------------------------------+
; Output Port ; Comment                                                                               ;
+-------------+---------------------------------------------------------------------------------------+
; a_o         ; No output delay, min/max delays, false-path exceptions, or max skew assignments found ;
; b_o         ; No output delay, min/max delays, false-path exceptions, or max skew assignments found ;
; c_o         ; No output delay, min/max delays, false-path exceptions, or max skew assignments found ;
; d_o         ; No output delay, min/max delays, false-path exceptions, or max skew assignments found ;
; e_o         ; No output delay, min/max delays, false-path exceptions, or max skew assignments found ;
; f_o         ; No output delay, min/max delays, false-path exceptions, or max skew assignments found ;
; g_o         ; No output delay, min/max delays, false-path exceptions, or max skew assignments found ;
+-------------+---------------------------------------------------------------------------------------+


+---------------------------------------------------------------------------------------------------+
; Unconstrained Input Ports                                                                         ;
+------------+--------------------------------------------------------------------------------------+
; Input Port ; Comment                                                                              ;
+------------+--------------------------------------------------------------------------------------+
; clear      ; No input delay, min/max delays, false-path exceptions, or max skew assignments found ;
+------------+--------------------------------------------------------------------------------------+


+-----------------------------------------------------------------------------------------------------+
; Unconstrained Output Ports                                                                          ;
+-------------+---------------------------------------------------------------------------------------+
; Output Port ; Comment                                                                               ;
+-------------+---------------------------------------------------------------------------------------+
; a_o         ; No output delay, min/max delays, false-path exceptions, or max skew assignments found ;
; b_o         ; No output delay, min/max delays, false-path exceptions, or max skew assignments found ;
; c_o         ; No output delay, min/max delays, false-path exceptions, or max skew assignments found ;
; d_o         ; No output delay, min/max delays, false-path exceptions, or max skew assignments found ;
; e_o         ; No output delay, min/max delays, false-path exceptions, or max skew assignments found ;
; f_o         ; No output delay, min/max delays, false-path exceptions, or max skew assignments found ;
; g_o         ; No output delay, min/max delays, false-path exceptions, or max skew assignments found ;
+-------------+---------------------------------------------------------------------------------------+


+------------------------------------+
; TimeQuest Timing Analyzer Messages ;
+------------------------------------+
Info: *******************************************************************
Info: Running Quartus Prime TimeQuest Timing Analyzer
    Info: Version 17.1.0 Build 590 10/25/2017 SJ Lite Edition
    Info: Processing started: Wed Sep 20 17:20:50 2023
Info: Command: quartus_sta contador_assincrono -c contador_assincrono
Info: qsta_default_script.tcl version: #3
Warning (18236): Number of processors has not been specified which may cause overloading on shared machines.  Set the global assignment NUM_PARALLEL_PROCESSORS in your QSF to an appropriate value for best performance.
Info (20030): Parallel compilation is enabled and will use 4 of the 4 processors detected
Info (21077): Low junction temperature is 0 degrees C
Info (21077): High junction temperature is 85 degrees C
Critical Warning (332012): Synopsys Design Constraints File file not found: 'contador_assincrono.sdc'. A Synopsys Design Constraints File is required by the TimeQuest Timing Analyzer to get proper timing constraints. Without it, the Compiler will not properly optimize the design.
Info (332142): No user constrained base clocks found in the design. Calling "derive_clocks -period 1.0"
Info (332105): Deriving Clocks
    Info (332105): create_clock -period 1.000 -name contador_assincrono_box:inst|inst3 contador_assincrono_box:inst|inst3
    Info (332105): create_clock -period 1.000 -name clock clock
    Info (332105): create_clock -period 1.000 -name contador_assincrono_box:inst|inst6 contador_assincrono_box:inst|inst6
Info (332143): No user constrained clock uncertainty found in the design. Calling "derive_clock_uncertainty"
Info (332123): Deriving Clock Uncertainty. Please refer to report_sdc in TimeQuest to see clock uncertainties.
Info: Found TIMEQUEST_REPORT_SCRIPT_INCLUDE_DEFAULT_ANALYSIS = ON
Info: Analyzing Slow 1200mV 85C Model
Critical Warning (332148): Timing requirements not met
    Info (11105): For recommendations on closing timing, run Report Timing Closure Recommendations in the TimeQuest Timing Analyzer.
Info (332146): Worst-case setup slack is -0.903
    Info (332119):     Slack       End Point TNS Clock 
    Info (332119): ========= =================== =====================
    Info (332119):    -0.903              -0.903 clock 
    Info (332119):    -0.724              -0.724 contador_assincrono_box:inst|inst3 
    Info (332119):     0.210               0.000 contador_assincrono_box:inst|inst6 
Info (332146): Worst-case hold slack is 0.445
    Info (332119):     Slack       End Point TNS Clock 
    Info (332119): ========= =================== =====================
    Info (332119):     0.445               0.000 contador_assincrono_box:inst|inst6 
    Info (332119):     0.716               0.000 clock 
    Info (332119):     0.838               0.000 contador_assincrono_box:inst|inst3 
Info (332140): No Recovery paths to report
Info (332140): No Removal paths to report
Info (332146): Worst-case minimum pulse width slack is -3.000
    Info (332119):     Slack       End Point TNS Clock 
    Info (332119): ========= =================== =====================
    Info (332119):    -3.000              -4.285 clock 
    Info (332119):    -1.285              -1.285 contador_assincrono_box:inst|inst3 
    Info (332119):    -1.285              -1.285 contador_assincrono_box:inst|inst6 
Info: Analyzing Slow 1200mV 0C Model
Info (334003): Started post-fitting delay annotation
Info (334004): Delay annotation completed successfully
Info (332123): Deriving Clock Uncertainty. Please refer to report_sdc in TimeQuest to see clock uncertainties.
Critical Warning (332148): Timing requirements not met
    Info (11105): For recommendations on closing timing, run Report Timing Closure Recommendations in the TimeQuest Timing Analyzer.
Info (332146): Worst-case setup slack is -0.710
    Info (332119):     Slack       End Point TNS Clock 
    Info (332119): ========= =================== =====================
    Info (332119):    -0.710              -0.710 clock 
    Info (332119):    -0.657              -0.657 contador_assincrono_box:inst|inst3 
    Info (332119):     0.297               0.000 contador_assincrono_box:inst|inst6 
Info (332146): Worst-case hold slack is 0.398
    Info (332119):     Slack       End Point TNS Clock 
    Info (332119): ========= =================== =====================
    Info (332119):     0.398               0.000 contador_assincrono_box:inst|inst6 
    Info (332119):     0.575               0.000 clock 
    Info (332119):     0.823               0.000 contador_assincrono_box:inst|inst3 
Info (332140): No Recovery paths to report
Info (332140): No Removal paths to report
Info (332146): Worst-case minimum pulse width slack is -3.000
    Info (332119):     Slack       End Point TNS Clock 
    Info (332119): ========= =================== =====================
    Info (332119):    -3.000              -4.285 clock 
    Info (332119):    -1.285              -1.285 contador_assincrono_box:inst|inst3 
    Info (332119):    -1.285              -1.285 contador_assincrono_box:inst|inst6 
Info: Analyzing Fast 1200mV 0C Model
Info (332123): Deriving Clock Uncertainty. Please refer to report_sdc in TimeQuest to see clock uncertainties.
Critical Warning (332148): Timing requirements not met
    Info (11105): For recommendations on closing timing, run Report Timing Closure Recommendations in the TimeQuest Timing Analyzer.
Info (332146): Worst-case setup slack is -0.288
    Info (332119):     Slack       End Point TNS Clock 
    Info (332119): ========= =================== =====================
    Info (332119):    -0.288              -0.288 clock 
    Info (332119):    -0.030              -0.030 contador_assincrono_box:inst|inst3 
    Info (332119):     0.624               0.000 contador_assincrono_box:inst|inst6 
Info (332146): Worst-case hold slack is 0.206
    Info (332119):     Slack       End Point TNS Clock 
    Info (332119): ========= =================== =====================
    Info (332119):     0.206               0.000 contador_assincrono_box:inst|inst6 
    Info (332119):     0.321               0.000 contador_assincrono_box:inst|inst3 
    Info (332119):     0.424               0.000 clock 
Info (332140): No Recovery paths to report
Info (332140): No Removal paths to report
Info (332146): Worst-case minimum pulse width slack is -3.000
    Info (332119):     Slack       End Point TNS Clock 
    Info (332119): ========= =================== =====================
    Info (332119):    -3.000              -4.157 clock 
    Info (332119):    -1.000              -1.000 contador_assincrono_box:inst|inst3 
    Info (332119):    -1.000              -1.000 contador_assincrono_box:inst|inst6 
Info (332102): Design is not fully constrained for setup requirements
Info (332102): Design is not fully constrained for hold requirements
Info: Quartus Prime TimeQuest Timing Analyzer was successful. 0 errors, 5 warnings
    Info: Peak virtual memory: 4833 megabytes
    Info: Processing ended: Wed Sep 20 17:20:52 2023
    Info: Elapsed time: 00:00:02
    Info: Total CPU time (on all processors): 00:00:02


