------------------------------------------------------------
TimeQuest Timing Analyzer Summary
------------------------------------------------------------

Type  : Slow 1200mV 85C Model Setup 'clock'
Slack : -0.903
TNS   : -0.903

Type  : Slow 1200mV 85C Model Setup 'contador_assincrono_box:inst|inst3'
Slack : -0.724
TNS   : -0.724

Type  : Slow 1200mV 85C Model Setup 'contador_assincrono_box:inst|inst6'
Slack : 0.210
TNS   : 0.000

Type  : Slow 1200mV 85C Model Hold 'contador_assincrono_box:inst|inst6'
Slack : 0.445
TNS   : 0.000

Type  : Slow 1200mV 85C Model Hold 'clock'
Slack : 0.716
TNS   : 0.000

Type  : Slow 1200mV 85C Model Hold 'contador_assincrono_box:inst|inst3'
Slack : 0.838
TNS   : 0.000

Type  : Slow 1200mV 85C Model Minimum Pulse Width 'clock'
Slack : -3.000
TNS   : -4.285

Type  : Slow 1200mV 85C Model Minimum Pulse Width 'contador_assincrono_box:inst|inst3'
Slack : -1.285
TNS   : -1.285

Type  : Slow 1200mV 85C Model Minimum Pulse Width 'contador_assincrono_box:inst|inst6'
Slack : -1.285
TNS   : -1.285

Type  : Slow 1200mV 0C Model Setup 'clock'
Slack : -0.710
TNS   : -0.710

Type  : Slow 1200mV 0C Model Setup 'contador_assincrono_box:inst|inst3'
Slack : -0.657
TNS   : -0.657

Type  : Slow 1200mV 0C Model Setup 'contador_assincrono_box:inst|inst6'
Slack : 0.297
TNS   : 0.000

Type  : Slow 1200mV 0C Model Hold 'contador_assincrono_box:inst|inst6'
Slack : 0.398
TNS   : 0.000

Type  : Slow 1200mV 0C Model Hold 'clock'
Slack : 0.575
TNS   : 0.000

Type  : Slow 1200mV 0C Model Hold 'contador_assincrono_box:inst|inst3'
Slack : 0.823
TNS   : 0.000

Type  : Slow 1200mV 0C Model Minimum Pulse Width 'clock'
Slack : -3.000
TNS   : -4.285

Type  : Slow 1200mV 0C Model Minimum Pulse Width 'contador_assincrono_box:inst|inst3'
Slack : -1.285
TNS   : -1.285

Type  : Slow 1200mV 0C Model Minimum Pulse Width 'contador_assincrono_box:inst|inst6'
Slack : -1.285
TNS   : -1.285

Type  : Fast 1200mV 0C Model Setup 'clock'
Slack : -0.288
TNS   : -0.288

Type  : Fast 1200mV 0C Model Setup 'contador_assincrono_box:inst|inst3'
Slack : -0.030
TNS   : -0.030

Type  : Fast 1200mV 0C Model Setup 'contador_assincrono_box:inst|inst6'
Slack : 0.624
TNS   : 0.000

Type  : Fast 1200mV 0C Model Hold 'contador_assincrono_box:inst|inst6'
Slack : 0.206
TNS   : 0.000

Type  : Fast 1200mV 0C Model Hold 'contador_assincrono_box:inst|inst3'
Slack : 0.321
TNS   : 0.000

Type  : Fast 1200mV 0C Model Hold 'clock'
Slack : 0.424
TNS   : 0.000

Type  : Fast 1200mV 0C Model Minimum Pulse Width 'clock'
Slack : -3.000
TNS   : -4.157

Type  : Fast 1200mV 0C Model Minimum Pulse Width 'contador_assincrono_box:inst|inst3'
Slack : -1.000
TNS   : -1.000

Type  : Fast 1200mV 0C Model Minimum Pulse Width 'contador_assincrono_box:inst|inst6'
Slack : -1.000
TNS   : -1.000

------------------------------------------------------------
