------------------------------------------------------------
TimeQuest Timing Analyzer Summary
------------------------------------------------------------

Type  : Slow 1200mV 85C Model Setup 'clock'
Slack : -0.132
TNS   : -0.132

Type  : Slow 1200mV 85C Model Hold 'clock'
Slack : 0.440
TNS   : 0.000

Type  : Slow 1200mV 85C Model Recovery 'clock'
Slack : -0.525
TNS   : -1.575

Type  : Slow 1200mV 85C Model Removal 'clock'
Slack : 0.701
TNS   : 0.000

Type  : Slow 1200mV 85C Model Minimum Pulse Width 'clock'
Slack : -3.000
TNS   : -6.855

Type  : Slow 1200mV 0C Model Setup 'clock'
Slack : -0.020
TNS   : -0.020

Type  : Slow 1200mV 0C Model Hold 'clock'
Slack : 0.387
TNS   : 0.000

Type  : Slow 1200mV 0C Model Recovery 'clock'
Slack : -0.475
TNS   : -1.425

Type  : Slow 1200mV 0C Model Removal 'clock'
Slack : 0.648
TNS   : 0.000

Type  : Slow 1200mV 0C Model Minimum Pulse Width 'clock'
Slack : -3.000
TNS   : -6.855

Type  : Fast 1200mV 0C Model Setup 'clock'
Slack : 0.456
TNS   : 0.000

Type  : Fast 1200mV 0C Model Hold 'clock'
Slack : 0.199
TNS   : 0.000

Type  : Fast 1200mV 0C Model Recovery 'clock'
Slack : 0.379
TNS   : 0.000

Type  : Fast 1200mV 0C Model Removal 'clock'
Slack : 0.316
TNS   : 0.000

Type  : Fast 1200mV 0C Model Minimum Pulse Width 'clock'
Slack : -3.000
TNS   : -6.390

------------------------------------------------------------
